#ifndef _GUI_H_
# define _GUI_H_
int fun1(int a) {
    if (a < 0) {
        a += 100;
        return -a;
    }
    else
        return a;
}
int min(int a, int b) {
    if (a > b) return b;
    else return a;
}
int max(int a, int b) {
    if (a > b) return a;
    else return b;
}
#endif