ERROR 'CmdError': \[.+?example.md, 5\] empty path
