def fun1(x):
    # комментарий
    if a < 0:
        a += 100
        return -a
    else:
        return a